// Jest Snapshot v1, https://goo.gl/fbAQLP

exports[`should handle exported interfaces 1`] = `
"declare export function add<T: string | number>(
  a: T,
  b: T,
): T extends string ? string : number;
"
`;
