// Jest Snapshot v1, https://goo.gl/fbAQLP

exports[`should handle exports 1`] = `
"declare var Mdl: "";
declare export default typeof Mdl;
declare export { Mdl };
declare export { Mdl as newModule };
declare export { GeneratorOptions } from "@babel/generator";
declare export { GeneratorOptions as NewGeneratorOptions } from "@babel/generator";
declare export * from "@babel/types";
declare export * as t from "@babel/types";
"
`;

exports[`should handle unnamed default export 1`] = `
"declare export default function fn(): void;
"
`;
