// Jest Snapshot v1, https://goo.gl/fbAQLP

exports[`should handle exported interfaces 1`] = `
"export interface UnaryFunction<T, R> {
  (source: T): R;
}
"
`;

exports[`should handle exported interfaces within a module 1`] = `
"declare module "my-module" {
  declare export interface UnaryFunction<T, R> {
    (source: T): R;
  }
}
"
`;
